Sat May 09 21:12:59 UTC 2026,Client_1 EXISTFILE page.html
Sat May 09 21:12:59 UTC 2026,Client_2 EXISTFILE page.html
Sat May 09 21:12:59 UTC 2026,Client_2 GETSIZE page.html
Sat May 09 21:12:59 UTC 2026,Client_3 GETSIZE page.html
Sat May 09 21:12:59 UTC 2026,Client_3 EXISTFILE page.html
Sat May 09 21:12:59 UTC 2026,Client_1 GETSIZE page.html
Sat May 09 21:12:59 UTC 2026,Client_2 EXISTFILE src="photo.jpg"
Sat May 09 21:12:59 UTC 2026,Client_2 GETCHUNK page.html 0 4096
Sat May 09 21:12:59 UTC 2026,Client_2 EXISTFILE src="photo2.jpg"
Sat May 09 21:12:59 UTC 2026,Client_2 EXISTFILE hello.txt
Sat May 09 21:12:59 UTC 2026,Client_2 GETSIZE hello.txt
Sat May 09 21:12:59 UTC 2026,Client_2 GETCHUNK hello.txt 0 4096
Sat May 09 21:12:59 UTC 2026,Client_2 EXISTFILE photo.jpg
Sat May 09 21:12:59 UTC 2026,Client_3 GETCHUNK page.html 0 4096
Sat May 09 21:12:59 UTC 2026,Client_3 EXISTFILE src="photo.jpg"
Sat May 09 21:12:59 UTC 2026,Client_1 GETCHUNK page.html 0 4096
Sat May 09 21:12:59 UTC 2026,Client_1 EXISTFILE src="photo.jpg"
Sat May 09 21:12:59 UTC 2026,Client_2 GETSIZE photo.jpg
Sat May 09 21:12:59 UTC 2026,Client_2 GETCHUNK photo.jpg 0 4096
Sat May 09 21:12:59 UTC 2026,Client_2 GETCHUNK photo.jpg 4096 4096
Sat May 09 21:12:59 UTC 2026,Client_2 GETCHUNK photo.jpg 8192 4096
Sat May 09 21:12:59 UTC 2026,Client_2 GETCHUNK photo.jpg 16384 4096
Sat May 09 21:12:59 UTC 2026,Client_2 GETCHUNK photo.jpg 12288 4096
Sat May 09 21:12:59 UTC 2026,Client_2 GETCHUNK photo.jpg 20480 4096
Sat May 09 21:12:59 UTC 2026,Client_2 GETCHUNK photo.jpg 24576 4096
Sat May 09 21:13:00 UTC 2026,Client_2 GETCHUNK photo.jpg 28672 4096
Sat May 09 21:13:00 UTC 2026,Client_2 GETCHUNK photo.jpg 32768 4096
Sat May 09 21:13:00 UTC 2026,Client_2 GETCHUNK photo.jpg 36864 4096
Sat May 09 21:13:00 UTC 2026,Client_2 GETCHUNK photo.jpg 40960 4096
Sat May 09 21:13:00 UTC 2026,Client_2 GETCHUNK photo.jpg 45056 4096
Sat May 09 21:13:00 UTC 2026,Client_2 GETCHUNK photo.jpg 49152 4096
Sat May 09 21:13:00 UTC 2026,Client_3 EXISTFILE src="photo2.jpg"
Sat May 09 21:13:00 UTC 2026,Client_2 GETCHUNK photo.jpg 53248 4096
Sat May 09 21:13:00 UTC 2026,Client_3 EXISTFILE hello.txt
Sat May 09 21:13:00 UTC 2026,Client_2 GETCHUNK photo.jpg 57344 4096
Sat May 09 21:13:00 UTC 2026,Client_3 GETSIZE hello.txt
Sat May 09 21:13:00 UTC 2026,Client_3 GETCHUNK hello.txt 0 4096
Sat May 09 21:13:00 UTC 2026,Client_3 EXISTFILE photo.jpg
Sat May 09 21:13:00 UTC 2026,Client_2 GETCHUNK photo.jpg 61440 4096
Sat May 09 21:13:00 UTC 2026,Client_2 GETCHUNK photo.jpg 65536 4096
Sat May 09 21:13:00 UTC 2026,Client_2 GETCHUNK photo.jpg 69632 4096
Sat May 09 21:13:00 UTC 2026,Client_3 GETSIZE photo.jpg
Sat May 09 21:13:00 UTC 2026,Client_3 GETCHUNK photo.jpg 0 4096
Sat May 09 21:13:00 UTC 2026,Client_2 GETCHUNK photo.jpg 73728 4096
Sat May 09 21:13:00 UTC 2026,Client_2 GETCHUNK photo.jpg 77824 4096
Sat May 09 21:13:00 UTC 2026,Client_2 GETCHUNK photo.jpg 81920 4096
Sat May 09 21:13:00 UTC 2026,Client_2 GETCHUNK photo.jpg 86016 4096
Sat May 09 21:13:00 UTC 2026,Client_3 GETCHUNK photo.jpg 4096 4096
Sat May 09 21:13:00 UTC 2026,Client_3 GETCHUNK photo.jpg 8192 4096
Sat May 09 21:13:00 UTC 2026,Client_2 GETCHUNK photo.jpg 90112 4096
Sat May 09 21:13:00 UTC 2026,Client_2 GETCHUNK photo.jpg 94208 4096
Sat May 09 21:13:00 UTC 2026,Client_3 GETCHUNK photo.jpg 12288 4096
Sat May 09 21:13:00 UTC 2026,Client_3 GETCHUNK photo.jpg 16384 4096
Sat May 09 21:13:00 UTC 2026,Client_2 GETCHUNK photo.jpg 98304 4096
Sat May 09 21:13:00 UTC 2026,Client_2 GETCHUNK photo.jpg 102400 4096
Sat May 09 21:13:00 UTC 2026,Client_3 GETCHUNK photo.jpg 20480 4096
Sat May 09 21:13:00 UTC 2026,Client_2 GETCHUNK photo.jpg 106496 4096
Sat May 09 21:13:00 UTC 2026,Client_3 GETCHUNK photo.jpg 24576 4096
Sat May 09 21:13:00 UTC 2026,Client_2 GETCHUNK photo.jpg 110592 4096
Sat May 09 21:13:00 UTC 2026,Client_3 GETCHUNK photo.jpg 28672 4096
Sat May 09 21:13:00 UTC 2026,Client_1 EXISTFILE src="photo2.jpg"
Sat May 09 21:13:00 UTC 2026,Client_2 GETCHUNK photo.jpg 114688 4096
Sat May 09 21:13:00 UTC 2026,Client_2 GETCHUNK photo.jpg 118784 4096
Sat May 09 21:13:00 UTC 2026,Client_3 GETCHUNK photo.jpg 32768 4096
Sat May 09 21:13:00 UTC 2026,Client_2 GETCHUNK photo.jpg 122880 4096
Sat May 09 21:13:00 UTC 2026,Client_2 GETCHUNK photo.jpg 126976 4096
Sat May 09 21:13:00 UTC 2026,Client_3 GETCHUNK photo.jpg 36864 4096
Sat May 09 21:13:00 UTC 2026,Client_2 GETCHUNK photo.jpg 131072 4096
Sat May 09 21:13:00 UTC 2026,Client_3 GETCHUNK photo.jpg 40960 4096
Sat May 09 21:13:00 UTC 2026,Client_1 EXISTFILE hello.txt
Sat May 09 21:13:00 UTC 2026,Client_3 GETCHUNK photo.jpg 45056 4096
Sat May 09 21:13:00 UTC 2026,Client_2 GETCHUNK photo.jpg 135168 4096
Sat May 09 21:13:00 UTC 2026,Client_3 GETCHUNK photo.jpg 49152 4096
Sat May 09 21:13:00 UTC 2026,Client_1 GETSIZE hello.txt
Sat May 09 21:13:00 UTC 2026,Client_3 GETCHUNK photo.jpg 53248 4096
Sat May 09 21:13:00 UTC 2026,Client_1 GETCHUNK hello.txt 0 4096
Sat May 09 21:13:00 UTC 2026,Client_3 GETCHUNK photo.jpg 57344 4096
Sat May 09 21:13:00 UTC 2026,Client_1 EXISTFILE photo.jpg
Sat May 09 21:13:00 UTC 2026,Client_3 GETCHUNK photo.jpg 61440 4096
Sat May 09 21:13:00 UTC 2026,Client_1 GETSIZE photo.jpg
Sat May 09 21:13:00 UTC 2026,Client_1 GETCHUNK photo.jpg 0 4096
Sat May 09 21:13:00 UTC 2026,Client_1 GETCHUNK photo.jpg 4096 4096
Sat May 09 21:13:00 UTC 2026,Client_3 GETCHUNK photo.jpg 65536 4096
Sat May 09 21:13:00 UTC 2026,Client_3 GETCHUNK photo.jpg 69632 4096
Sat May 09 21:13:00 UTC 2026,Client_3 GETCHUNK photo.jpg 73728 4096
Sat May 09 21:13:00 UTC 2026,Client_3 GETCHUNK photo.jpg 77824 4096
Sat May 09 21:13:00 UTC 2026,Client_3 GETCHUNK photo.jpg 81920 4096
Sat May 09 21:13:00 UTC 2026,Client_3 GETCHUNK photo.jpg 86016 4096
Sat May 09 21:13:00 UTC 2026,Client_3 GETCHUNK photo.jpg 90112 4096
Sat May 09 21:13:00 UTC 2026,Client_1 GETCHUNK photo.jpg 8192 4096
Sat May 09 21:13:00 UTC 2026,Client_1 GETCHUNK photo.jpg 16384 4096
Sat May 09 21:13:00 UTC 2026,Client_1 GETCHUNK photo.jpg 12288 4096
Sat May 09 21:13:00 UTC 2026,Client_1 GETCHUNK photo.jpg 20480 4096
Sat May 09 21:13:00 UTC 2026,Client_1 GETCHUNK photo.jpg 24576 4096
Sat May 09 21:13:00 UTC 2026,Client_1 GETCHUNK photo.jpg 28672 4096
Sat May 09 21:13:00 UTC 2026,Client_1 GETCHUNK photo.jpg 32768 4096
Sat May 09 21:13:00 UTC 2026,Client_3 GETCHUNK photo.jpg 94208 4096
Sat May 09 21:13:00 UTC 2026,Client_3 GETCHUNK photo.jpg 98304 4096
Sat May 09 21:13:00 UTC 2026,Client_3 GETCHUNK photo.jpg 102400 4096
Sat May 09 21:13:00 UTC 2026,Client_1 GETCHUNK photo.jpg 36864 4096
Sat May 09 21:13:00 UTC 2026,Client_3 GETCHUNK photo.jpg 106496 4096
Sat May 09 21:13:00 UTC 2026,Client_1 GETCHUNK photo.jpg 40960 4096
Sat May 09 21:13:00 UTC 2026,Client_3 GETCHUNK photo.jpg 110592 4096
Sat May 09 21:13:00 UTC 2026,Client_1 GETCHUNK photo.jpg 45056 4096
Sat May 09 21:13:00 UTC 2026,Client_3 GETCHUNK photo.jpg 114688 4096
Sat May 09 21:13:00 UTC 2026,Client_3 GETCHUNK photo.jpg 118784 4096
Sat May 09 21:13:00 UTC 2026,Client_3 GETCHUNK photo.jpg 122880 4096
Sat May 09 21:13:00 UTC 2026,Client_1 GETCHUNK photo.jpg 49152 4096
Sat May 09 21:13:00 UTC 2026,Client_1 GETCHUNK photo.jpg 57344 4096
Sat May 09 21:13:00 UTC 2026,Client_1 GETCHUNK photo.jpg 53248 4096
Sat May 09 21:13:00 UTC 2026,Client_3 GETCHUNK photo.jpg 126976 4096
Sat May 09 21:13:00 UTC 2026,Client_1 GETCHUNK photo.jpg 61440 4096
Sat May 09 21:13:00 UTC 2026,Client_3 GETCHUNK photo.jpg 131072 4096
Sat May 09 21:13:00 UTC 2026,Client_3 GETCHUNK photo.jpg 135168 4096
Sat May 09 21:13:00 UTC 2026,Client_1 GETCHUNK photo.jpg 65536 4096
Sat May 09 21:13:00 UTC 2026,Client_1 GETCHUNK photo.jpg 69632 4096
Sat May 09 21:13:00 UTC 2026,Client_1 GETCHUNK photo.jpg 73728 4096
Sat May 09 21:13:00 UTC 2026,Client_1 GETCHUNK photo.jpg 77824 4096
Sat May 09 21:13:00 UTC 2026,Client_1 GETCHUNK photo.jpg 81920 4096
Sat May 09 21:13:00 UTC 2026,Client_1 GETCHUNK photo.jpg 86016 4096
Sat May 09 21:13:00 UTC 2026,Client_1 GETCHUNK photo.jpg 90112 4096
Sat May 09 21:13:00 UTC 2026,Client_1 GETCHUNK photo.jpg 94208 4096
Sat May 09 21:13:00 UTC 2026,Client_1 GETCHUNK photo.jpg 98304 4096
Sat May 09 21:13:00 UTC 2026,Client_1 GETCHUNK photo.jpg 102400 4096
Sat May 09 21:13:00 UTC 2026,Client_1 GETCHUNK photo.jpg 106496 4096
Sat May 09 21:13:00 UTC 2026,Client_1 GETCHUNK photo.jpg 110592 4096
Sat May 09 21:13:00 UTC 2026,Client_1 GETCHUNK photo.jpg 114688 4096
Sat May 09 21:13:00 UTC 2026,Client_1 GETCHUNK photo.jpg 118784 4096
Sat May 09 21:13:00 UTC 2026,Client_1 GETCHUNK photo.jpg 122880 4096
Sat May 09 21:13:00 UTC 2026,Client_1 GETCHUNK photo.jpg 126976 4096
Sat May 09 21:13:00 UTC 2026,Client_1 GETCHUNK photo.jpg 131072 4096
Sat May 09 21:13:00 UTC 2026,Client_1 GETCHUNK photo.jpg 135168 4096
Sat May 09 21:13:00 UTC 2026,Client_2 EXISTFILE photo2.jpg
Sat May 09 21:13:00 UTC 2026,Client_3 EXISTFILE photo2.jpg
Sat May 09 21:13:00 UTC 2026,Client_1 EXISTFILE photo2.jpg
Sat May 09 21:13:35 UTC 2026,Client_3 EXISTFILE page.html
Sat May 09 21:13:35 UTC 2026,Client_3 GETSIZE page.html
Sat May 09 21:13:35 UTC 2026,Client_2 EXISTFILE page.html
Sat May 09 21:13:35 UTC 2026,Client_1 EXISTFILE page.html
Sat May 09 21:13:35 UTC 2026,Client_2 GETSIZE page.html
Sat May 09 21:13:35 UTC 2026,Client_1 GETSIZE page.html
Sat May 09 21:13:35 UTC 2026,Client_3 GETCHUNK page.html 0 4096
Sat May 09 21:13:35 UTC 2026,Client_1 GETCHUNK page.html 0 4096
Sat May 09 21:13:35 UTC 2026,Client_2 GETCHUNK page.html 0 4096
Sat May 09 21:13:35 UTC 2026,Client_3 EXISTFILE src="photo.jpg"
Sat May 09 21:13:35 UTC 2026,Client_3 EXISTFILE src="photo2.jpg"
Sat May 09 21:13:35 UTC 2026,Client_1 EXISTFILE src="photo.jpg"
Sat May 09 21:13:35 UTC 2026,Client_3 EXISTFILE hello.txt
Sat May 09 21:13:35 UTC 2026,Client_3 GETSIZE hello.txt
Sat May 09 21:13:35 UTC 2026,Client_2 EXISTFILE src="photo.jpg"
Sat May 09 21:13:35 UTC 2026,Client_3 GETCHUNK hello.txt 0 4096
Sat May 09 21:13:35 UTC 2026,Client_2 EXISTFILE src="photo2.jpg"
Sat May 09 21:13:35 UTC 2026,Client_3 EXISTFILE photo.jpg
Sat May 09 21:13:35 UTC 2026,Client_2 EXISTFILE hello.txt
Sat May 09 21:13:35 UTC 2026,Client_3 GETSIZE photo.jpg
Sat May 09 21:13:35 UTC 2026,Client_2 GETSIZE hello.txt
Sat May 09 21:13:35 UTC 2026,Client_1 EXISTFILE src="photo2.jpg"
Sat May 09 21:13:35 UTC 2026,Client_3 GETCHUNK photo.jpg 0 4096
Sat May 09 21:13:35 UTC 2026,Client_2 GETCHUNK hello.txt 0 4096
Sat May 09 21:13:35 UTC 2026,Client_3 GETCHUNK photo.jpg 4096 4096
Sat May 09 21:13:35 UTC 2026,Client_1 EXISTFILE hello.txt
Sat May 09 21:13:35 UTC 2026,Client_3 GETCHUNK photo.jpg 8192 4096
Sat May 09 21:13:35 UTC 2026,Client_3 GETCHUNK photo.jpg 12288 4096
Sat May 09 21:13:35 UTC 2026,Client_3 GETCHUNK photo.jpg 16384 4096
Sat May 09 21:13:35 UTC 2026,Client_1 GETSIZE hello.txt
Sat May 09 21:13:35 UTC 2026,Client_1 GETCHUNK hello.txt 0 4096
Sat May 09 21:13:35 UTC 2026,Client_2 EXISTFILE photo.jpg
Sat May 09 21:13:35 UTC 2026,Client_2 GETSIZE photo.jpg
Sat May 09 21:13:35 UTC 2026,Client_3 GETCHUNK photo.jpg 20480 4096
Sat May 09 21:13:35 UTC 2026,Client_3 GETCHUNK photo.jpg 24576 4096
Sat May 09 21:13:35 UTC 2026,Client_3 GETCHUNK photo.jpg 28672 4096
Sat May 09 21:13:35 UTC 2026,Client_3 GETCHUNK photo.jpg 32768 4096
Sat May 09 21:13:35 UTC 2026,Client_3 GETCHUNK photo.jpg 36864 4096
Sat May 09 21:13:35 UTC 2026,Client_2 GETCHUNK photo.jpg 0 4096
Sat May 09 21:13:35 UTC 2026,Client_2 GETCHUNK photo.jpg 4096 4096
Sat May 09 21:13:35 UTC 2026,Client_2 GETCHUNK photo.jpg 8192 4096
Sat May 09 21:13:35 UTC 2026,Client_3 GETCHUNK photo.jpg 40960 4096
Sat May 09 21:13:35 UTC 2026,Client_3 GETCHUNK photo.jpg 45056 4096
Sat May 09 21:13:35 UTC 2026,Client_1 EXISTFILE photo.jpg
Sat May 09 21:13:35 UTC 2026,Client_2 GETCHUNK photo.jpg 12288 4096
Sat May 09 21:13:35 UTC 2026,Client_3 GETCHUNK photo.jpg 49152 4096
Sat May 09 21:13:35 UTC 2026,Client_2 GETCHUNK photo.jpg 16384 4096
Sat May 09 21:13:35 UTC 2026,Client_3 GETCHUNK photo.jpg 53248 4096
Sat May 09 21:13:35 UTC 2026,Client_1 GETSIZE photo.jpg
Sat May 09 21:13:35 UTC 2026,Client_3 GETCHUNK photo.jpg 57344 4096
Sat May 09 21:13:35 UTC 2026,Client_3 GETCHUNK photo.jpg 61440 4096
Sat May 09 21:13:35 UTC 2026,Client_1 GETCHUNK photo.jpg 0 4096
Sat May 09 21:13:35 UTC 2026,Client_3 GETCHUNK photo.jpg 65536 4096
Sat May 09 21:13:35 UTC 2026,Client_1 GETCHUNK photo.jpg 4096 4096
Sat May 09 21:13:35 UTC 2026,Client_2 GETCHUNK photo.jpg 20480 4096
Sat May 09 21:13:35 UTC 2026,Client_1 GETCHUNK photo.jpg 8192 4096
Sat May 09 21:13:35 UTC 2026,Client_1 GETCHUNK photo.jpg 12288 4096
Sat May 09 21:13:35 UTC 2026,Client_2 GETCHUNK photo.jpg 24576 4096
Sat May 09 21:13:35 UTC 2026,Client_3 GETCHUNK photo.jpg 69632 4096
Sat May 09 21:13:35 UTC 2026,Client_2 GETCHUNK photo.jpg 28672 4096
Sat May 09 21:13:35 UTC 2026,Client_1 GETCHUNK photo.jpg 16384 4096
Sat May 09 21:13:36 UTC 2026,Client_1 GETCHUNK photo.jpg 20480 4096
Sat May 09 21:13:36 UTC 2026,Client_2 GETCHUNK photo.jpg 32768 4096
Sat May 09 21:13:36 UTC 2026,Client_1 GETCHUNK photo.jpg 24576 4096
Sat May 09 21:13:36 UTC 2026,Client_1 GETCHUNK photo.jpg 28672 4096
Sat May 09 21:13:36 UTC 2026,Client_3 GETCHUNK photo.jpg 73728 4096
Sat May 09 21:13:36 UTC 2026,Client_1 GETCHUNK photo.jpg 32768 4096
Sat May 09 21:13:36 UTC 2026,Client_1 GETCHUNK photo.jpg 36864 4096
Sat May 09 21:13:36 UTC 2026,Client_3 GETCHUNK photo.jpg 77824 4096
Sat May 09 21:13:36 UTC 2026,Client_1 GETCHUNK photo.jpg 40960 4096
Sat May 09 21:13:36 UTC 2026,Client_1 GETCHUNK photo.jpg 45056 4096
Sat May 09 21:13:36 UTC 2026,Client_2 GETCHUNK photo.jpg 36864 4096
Sat May 09 21:13:36 UTC 2026,Client_2 GETCHUNK photo.jpg 40960 4096
Sat May 09 21:13:36 UTC 2026,Client_3 GETCHUNK photo.jpg 81920 4096
Sat May 09 21:13:36 UTC 2026,Client_2 GETCHUNK photo.jpg 45056 4096
Sat May 09 21:13:36 UTC 2026,Client_1 GETCHUNK photo.jpg 49152 4096
Sat May 09 21:13:36 UTC 2026,Client_2 GETCHUNK photo.jpg 49152 4096
Sat May 09 21:13:36 UTC 2026,Client_2 GETCHUNK photo.jpg 53248 4096
Sat May 09 21:13:36 UTC 2026,Client_1 GETCHUNK photo.jpg 53248 4096
Sat May 09 21:13:36 UTC 2026,Client_1 GETCHUNK photo.jpg 57344 4096
Sat May 09 21:13:36 UTC 2026,Client_3 GETCHUNK photo.jpg 86016 4096
Sat May 09 21:13:36 UTC 2026,Client_3 GETCHUNK photo.jpg 90112 4096
Sat May 09 21:13:36 UTC 2026,Client_2 GETCHUNK photo.jpg 57344 4096
Sat May 09 21:13:36 UTC 2026,Client_3 GETCHUNK photo.jpg 94208 4096
Sat May 09 21:13:36 UTC 2026,Client_2 GETCHUNK photo.jpg 61440 4096
Sat May 09 21:13:36 UTC 2026,Client_2 GETCHUNK photo.jpg 65536 4096
Sat May 09 21:13:36 UTC 2026,Client_3 GETCHUNK photo.jpg 98304 4096
Sat May 09 21:13:36 UTC 2026,Client_1 GETCHUNK photo.jpg 61440 4096
Sat May 09 21:13:36 UTC 2026,Client_2 GETCHUNK photo.jpg 73728 4096
Sat May 09 21:13:36 UTC 2026,Client_1 GETCHUNK photo.jpg 65536 4096
Sat May 09 21:13:36 UTC 2026,Client_1 GETCHUNK photo.jpg 69632 4096
Sat May 09 21:13:36 UTC 2026,Client_2 GETCHUNK photo.jpg 69632 4096
Sat May 09 21:13:36 UTC 2026,Client_3 GETCHUNK photo.jpg 102400 4096
Sat May 09 21:13:36 UTC 2026,Client_1 GETCHUNK photo.jpg 73728 4096
Sat May 09 21:13:36 UTC 2026,Client_2 GETCHUNK photo.jpg 77824 4096
Sat May 09 21:13:36 UTC 2026,Client_1 GETCHUNK photo.jpg 77824 4096
Sat May 09 21:13:36 UTC 2026,Client_2 GETCHUNK photo.jpg 81920 4096
Sat May 09 21:13:36 UTC 2026,Client_1 GETCHUNK photo.jpg 81920 4096
Sat May 09 21:13:36 UTC 2026,Client_1 GETCHUNK photo.jpg 86016 4096
Sat May 09 21:13:36 UTC 2026,Client_2 GETCHUNK photo.jpg 86016 4096
Sat May 09 21:13:36 UTC 2026,Client_2 GETCHUNK photo.jpg 94208 4096
Sat May 09 21:13:36 UTC 2026,Client_3 GETCHUNK photo.jpg 106496 4096
Sat May 09 21:13:36 UTC 2026,Client_2 GETCHUNK photo.jpg 90112 4096
Sat May 09 21:13:36 UTC 2026,Client_3 GETCHUNK photo.jpg 110592 4096
Sat May 09 21:13:36 UTC 2026,Client_2 GETCHUNK photo.jpg 106496 4096
Sat May 09 21:13:36 UTC 2026,Client_2 GETCHUNK photo.jpg 102400 4096
Sat May 09 21:13:36 UTC 2026,Client_3 GETCHUNK photo.jpg 114688 4096
Sat May 09 21:13:36 UTC 2026,Client_1 GETCHUNK photo.jpg 90112 4096
Sat May 09 21:13:36 UTC 2026,Client_2 GETCHUNK photo.jpg 98304 4096
Sat May 09 21:13:36 UTC 2026,Client_1 GETCHUNK photo.jpg 94208 4096
Sat May 09 21:13:36 UTC 2026,Client_1 GETCHUNK photo.jpg 98304 4096
Sat May 09 21:13:36 UTC 2026,Client_2 GETCHUNK photo.jpg 110592 4096
Sat May 09 21:13:36 UTC 2026,Client_1 GETCHUNK photo.jpg 102400 4096
Sat May 09 21:13:36 UTC 2026,Client_3 GETCHUNK photo.jpg 122880 4096
Sat May 09 21:13:36 UTC 2026,Client_2 GETCHUNK photo.jpg 114688 4096
Sat May 09 21:13:36 UTC 2026,Client_1 GETCHUNK photo.jpg 106496 4096
Sat May 09 21:13:36 UTC 2026,Client_2 GETCHUNK photo.jpg 118784 4096
Sat May 09 21:13:36 UTC 2026,Client_1 GETCHUNK photo.jpg 110592 4096
Sat May 09 21:13:36 UTC 2026,Client_1 GETCHUNK photo.jpg 114688 4096
Sat May 09 21:13:36 UTC 2026,Client_3 GETCHUNK photo.jpg 118784 4096
Sat May 09 21:13:36 UTC 2026,Client_3 GETCHUNK photo.jpg 131072 4096
Sat May 09 21:13:36 UTC 2026,Client_3 GETCHUNK photo.jpg 126976 4096
Sat May 09 21:13:36 UTC 2026,Client_2 GETCHUNK photo.jpg 122880 4096
Sat May 09 21:13:36 UTC 2026,Client_2 GETCHUNK photo.jpg 126976 4096
Sat May 09 21:13:36 UTC 2026,Client_3 GETCHUNK photo.jpg 135168 4096
Sat May 09 21:13:36 UTC 2026,Client_2 GETCHUNK photo.jpg 135168 4096
Sat May 09 21:13:36 UTC 2026,Client_2 GETCHUNK photo.jpg 131072 4096
Sat May 09 21:13:36 UTC 2026,Client_1 GETCHUNK photo.jpg 118784 4096
Sat May 09 21:13:36 UTC 2026,Client_1 GETCHUNK photo.jpg 126976 4096
Sat May 09 21:13:36 UTC 2026,Client_1 GETCHUNK photo.jpg 135168 4096
Sat May 09 21:13:36 UTC 2026,Client_1 GETCHUNK photo.jpg 131072 4096
Sat May 09 21:13:36 UTC 2026,Client_1 GETCHUNK photo.jpg 122880 4096
Sat May 09 21:13:36 UTC 2026,Client_3 EXISTFILE photo2.jpg
Sat May 09 21:13:36 UTC 2026,Client_3 GETSIZE photo2.jpg
Sat May 09 21:13:36 UTC 2026,Client_3 GETCHUNK photo2.jpg 0 4096
Sat May 09 21:13:36 UTC 2026,Client_3 GETCHUNK photo2.jpg 4096 4096
Sat May 09 21:13:36 UTC 2026,Client_3 GETCHUNK photo2.jpg 8192 4096
Sat May 09 21:13:36 UTC 2026,Client_3 GETCHUNK photo2.jpg 12288 4096
Sat May 09 21:13:36 UTC 2026,Client_3 GETCHUNK photo2.jpg 16384 4096
Sat May 09 21:13:36 UTC 2026,Client_3 GETCHUNK photo2.jpg 20480 4096
Sat May 09 21:13:36 UTC 2026,Client_2 EXISTFILE photo2.jpg
Sat May 09 21:13:36 UTC 2026,Client_3 GETCHUNK photo2.jpg 24576 4096
Sat May 09 21:13:36 UTC 2026,Client_2 GETSIZE photo2.jpg
Sat May 09 21:13:36 UTC 2026,Client_3 GETCHUNK photo2.jpg 28672 4096
Sat May 09 21:13:36 UTC 2026,Client_2 GETCHUNK photo2.jpg 0 4096
Sat May 09 21:13:36 UTC 2026,Client_3 GETCHUNK photo2.jpg 32768 4096
Sat May 09 21:13:36 UTC 2026,Client_2 GETCHUNK photo2.jpg 4096 4096
Sat May 09 21:13:36 UTC 2026,Client_3 GETCHUNK photo2.jpg 36864 4096
Sat May 09 21:13:36 UTC 2026,Client_2 GETCHUNK photo2.jpg 8192 4096
Sat May 09 21:13:36 UTC 2026,Client_3 GETCHUNK photo2.jpg 40960 4096
Sat May 09 21:13:36 UTC 2026,Client_2 GETCHUNK photo2.jpg 12288 4096
Sat May 09 21:13:36 UTC 2026,Client_3 GETCHUNK photo2.jpg 45056 4096
Sat May 09 21:13:36 UTC 2026,Client_2 GETCHUNK photo2.jpg 16384 4096
Sat May 09 21:13:36 UTC 2026,Client_3 GETCHUNK photo2.jpg 49152 4096
Sat May 09 21:13:36 UTC 2026,Client_2 GETCHUNK photo2.jpg 20480 4096
Sat May 09 21:13:36 UTC 2026,Client_2 GETCHUNK photo2.jpg 24576 4096
Sat May 09 21:13:36 UTC 2026,Client_2 GETCHUNK photo2.jpg 28672 4096
Sat May 09 21:13:36 UTC 2026,Client_2 GETCHUNK photo2.jpg 32768 4096
Sat May 09 21:13:36 UTC 2026,Client_2 GETCHUNK photo2.jpg 36864 4096
Sat May 09 21:13:36 UTC 2026,Client_2 GETCHUNK photo2.jpg 40960 4096
Sat May 09 21:13:36 UTC 2026,Client_2 GETCHUNK photo2.jpg 45056 4096
Sat May 09 21:13:36 UTC 2026,Client_2 GETCHUNK photo2.jpg 49152 4096
Sat May 09 21:13:36 UTC 2026,Client_1 EXISTFILE photo2.jpg
Sat May 09 21:13:36 UTC 2026,Client_1 GETSIZE photo2.jpg
Sat May 09 21:13:36 UTC 2026,Client_1 GETCHUNK photo2.jpg 0 4096
Sat May 09 21:13:36 UTC 2026,Client_1 GETCHUNK photo2.jpg 4096 4096
Sat May 09 21:13:36 UTC 2026,Client_1 GETCHUNK photo2.jpg 8192 4096
Sat May 09 21:13:36 UTC 2026,Client_1 GETCHUNK photo2.jpg 12288 4096
Sat May 09 21:13:36 UTC 2026,Client_1 GETCHUNK photo2.jpg 16384 4096
Sat May 09 21:13:36 UTC 2026,Client_1 GETCHUNK photo2.jpg 20480 4096
Sat May 09 21:13:36 UTC 2026,Client_1 GETCHUNK photo2.jpg 24576 4096
Sat May 09 21:13:36 UTC 2026,Client_1 GETCHUNK photo2.jpg 28672 4096
Sat May 09 21:13:36 UTC 2026,Client_1 GETCHUNK photo2.jpg 32768 4096
Sat May 09 21:13:36 UTC 2026,Client_1 GETCHUNK photo2.jpg 36864 4096
Sat May 09 21:13:36 UTC 2026,Client_1 GETCHUNK photo2.jpg 40960 4096
Sat May 09 21:13:36 UTC 2026,Client_1 GETCHUNK photo2.jpg 45056 4096
Sat May 09 21:13:36 UTC 2026,Client_1 GETCHUNK photo2.jpg 49152 4096
Sun May 10 22:38:32 UTC 2026,Client_3 EXISTFILE page.html
Sun May 10 22:38:32 UTC 2026,Client_1 EXISTFILE page.html
Sun May 10 22:38:32 UTC 2026,Client_2 EXISTFILE page.html
Sun May 10 22:38:32 UTC 2026,Client_3 GETSIZE page.html
Sun May 10 22:38:32 UTC 2026,Client_1 GETSIZE page.html
Sun May 10 22:38:32 UTC 2026,Client_2 GETSIZE page.html
Sun May 10 22:38:32 UTC 2026,Client_3 GETCHUNK page.html 0 4098
Sun May 10 22:38:32 UTC 2026,Client_3 EXISTFILE photo.jpg
Sun May 10 22:38:32 UTC 2026,Client_3 GETSIZE photo.jpg
Sun May 10 22:38:32 UTC 2026,Client_3 GETCHUNK photo.jpg 0 4098
Sun May 10 22:38:32 UTC 2026,Client_1 GETCHUNK page.html 0 4098
Sun May 10 22:38:32 UTC 2026,Client_3 GETCHUNK photo.jpg 4098 4098
Sun May 10 22:38:32 UTC 2026,Client_1 EXISTFILE photo.jpg
Sun May 10 22:38:32 UTC 2026,Client_3 GETCHUNK photo.jpg 8196 4098
Sun May 10 22:38:32 UTC 2026,Client_1 GETSIZE photo.jpg
Sun May 10 22:38:32 UTC 2026,Client_3 GETCHUNK photo.jpg 12294 4098
Sun May 10 22:38:32 UTC 2026,Client_2 GETCHUNK page.html 0 4098
Sun May 10 22:38:32 UTC 2026,Client_1 GETCHUNK photo.jpg 0 4098
Sun May 10 22:38:32 UTC 2026,Client_3 GETCHUNK photo.jpg 16392 4098
Sun May 10 22:38:32 UTC 2026,Client_2 EXISTFILE photo.jpg
Sun May 10 22:38:32 UTC 2026,Client_1 GETCHUNK photo.jpg 4098 4098
Sun May 10 22:38:32 UTC 2026,Client_3 GETCHUNK photo.jpg 20490 4098
Sun May 10 22:38:32 UTC 2026,Client_2 GETSIZE photo.jpg
Sun May 10 22:38:33 UTC 2026,Client_1 GETCHUNK photo.jpg 8196 4098
Sun May 10 22:38:33 UTC 2026,Client_3 GETCHUNK photo.jpg 24588 4098
Sun May 10 22:38:33 UTC 2026,Client_2 GETCHUNK photo.jpg 0 4098
Sun May 10 22:38:33 UTC 2026,Client_1 GETCHUNK photo.jpg 12294 4098
Sun May 10 22:38:33 UTC 2026,Client_3 GETCHUNK photo.jpg 28686 4098
Sun May 10 22:38:33 UTC 2026,Client_2 GETCHUNK photo.jpg 4098 4098
Sun May 10 22:38:33 UTC 2026,Client_1 GETCHUNK photo.jpg 16392 4098
Sun May 10 22:38:33 UTC 2026,Client_3 GETCHUNK photo.jpg 32784 4098
Sun May 10 22:38:33 UTC 2026,Client_2 GETCHUNK photo.jpg 8196 4098
Sun May 10 22:38:33 UTC 2026,Client_1 GETCHUNK photo.jpg 20490 4098
Sun May 10 22:38:33 UTC 2026,Client_3 GETCHUNK photo.jpg 36882 4098
Sun May 10 22:38:33 UTC 2026,Client_2 GETCHUNK photo.jpg 12294 4098
Sun May 10 22:38:33 UTC 2026,Client_1 GETCHUNK photo.jpg 24588 4098
Sun May 10 22:38:33 UTC 2026,Client_3 GETCHUNK photo.jpg 40980 4098
Sun May 10 22:38:33 UTC 2026,Client_2 GETCHUNK photo.jpg 16392 4098
Sun May 10 22:38:33 UTC 2026,Client_1 GETCHUNK photo.jpg 28686 4098
Sun May 10 22:38:33 UTC 2026,Client_3 GETCHUNK photo.jpg 45078 4098
Sun May 10 22:38:33 UTC 2026,Client_2 GETCHUNK photo.jpg 20490 4098
Sun May 10 22:38:33 UTC 2026,Client_1 GETCHUNK photo.jpg 32784 4098
Sun May 10 22:38:33 UTC 2026,Client_3 GETCHUNK photo.jpg 49176 4098
Sun May 10 22:38:33 UTC 2026,Client_2 GETCHUNK photo.jpg 24588 4098
Sun May 10 22:38:33 UTC 2026,Client_1 GETCHUNK photo.jpg 36882 4098
Sun May 10 22:38:33 UTC 2026,Client_3 GETCHUNK photo.jpg 53274 4098
Sun May 10 22:38:33 UTC 2026,Client_2 GETCHUNK photo.jpg 28686 4098
Sun May 10 22:38:33 UTC 2026,Client_1 GETCHUNK photo.jpg 40980 4098
Sun May 10 22:38:33 UTC 2026,Client_3 GETCHUNK photo.jpg 57372 4098
Sun May 10 22:38:33 UTC 2026,Client_2 GETCHUNK photo.jpg 32784 4098
Sun May 10 22:38:33 UTC 2026,Client_1 GETCHUNK photo.jpg 45078 4098
Sun May 10 22:38:33 UTC 2026,Client_3 GETCHUNK photo.jpg 61470 4098
Sun May 10 22:38:33 UTC 2026,Client_2 GETCHUNK photo.jpg 36882 4098
Sun May 10 22:38:33 UTC 2026,Client_1 GETCHUNK photo.jpg 49176 4098
Sun May 10 22:38:33 UTC 2026,Client_3 GETCHUNK photo.jpg 65568 4098
Sun May 10 22:38:33 UTC 2026,Client_2 GETCHUNK photo.jpg 40980 4098
Sun May 10 22:38:33 UTC 2026,Client_1 GETCHUNK photo.jpg 53274 4098
Sun May 10 22:38:33 UTC 2026,Client_3 GETCHUNK photo.jpg 69666 4098
Sun May 10 22:38:33 UTC 2026,Client_2 GETCHUNK photo.jpg 45078 4098
Sun May 10 22:38:33 UTC 2026,Client_1 GETCHUNK photo.jpg 57372 4098
Sun May 10 22:38:33 UTC 2026,Client_3 GETCHUNK photo.jpg 73764 4098
Sun May 10 22:38:33 UTC 2026,Client_2 GETCHUNK photo.jpg 49176 4098
Sun May 10 22:38:33 UTC 2026,Client_1 GETCHUNK photo.jpg 61470 4098
Sun May 10 22:38:33 UTC 2026,Client_3 GETCHUNK photo.jpg 77862 4098
Sun May 10 22:38:33 UTC 2026,Client_2 GETCHUNK photo.jpg 53274 4098
Sun May 10 22:38:33 UTC 2026,Client_1 GETCHUNK photo.jpg 65568 4098
Sun May 10 22:38:33 UTC 2026,Client_3 GETCHUNK photo.jpg 81960 4098
Sun May 10 22:38:33 UTC 2026,Client_2 GETCHUNK photo.jpg 57372 4098
Sun May 10 22:38:33 UTC 2026,Client_1 GETCHUNK photo.jpg 69666 4098
Sun May 10 22:38:33 UTC 2026,Client_3 GETCHUNK photo.jpg 86058 4098
Sun May 10 22:38:33 UTC 2026,Client_2 GETCHUNK photo.jpg 61470 4098
Sun May 10 22:38:33 UTC 2026,Client_1 GETCHUNK photo.jpg 73764 4098
Sun May 10 22:38:33 UTC 2026,Client_3 GETCHUNK photo.jpg 90156 4098
Sun May 10 22:38:33 UTC 2026,Client_2 GETCHUNK photo.jpg 65568 4098
Sun May 10 22:38:33 UTC 2026,Client_1 GETCHUNK photo.jpg 77862 4098
Sun May 10 22:38:33 UTC 2026,Client_3 GETCHUNK photo.jpg 94254 4098
Sun May 10 22:38:33 UTC 2026,Client_2 GETCHUNK photo.jpg 69666 4098
Sun May 10 22:38:33 UTC 2026,Client_1 GETCHUNK photo.jpg 81960 4098
Sun May 10 22:38:33 UTC 2026,Client_3 GETCHUNK photo.jpg 98352 4098
Sun May 10 22:38:33 UTC 2026,Client_2 GETCHUNK photo.jpg 73764 4098
Sun May 10 22:38:33 UTC 2026,Client_1 GETCHUNK photo.jpg 86058 4098
Sun May 10 22:38:33 UTC 2026,Client_3 GETCHUNK photo.jpg 102450 4098
Sun May 10 22:38:33 UTC 2026,Client_2 GETCHUNK photo.jpg 77862 4098
Sun May 10 22:38:33 UTC 2026,Client_1 GETCHUNK photo.jpg 90156 4098
Sun May 10 22:38:33 UTC 2026,Client_3 GETCHUNK photo.jpg 106548 4098
Sun May 10 22:38:33 UTC 2026,Client_2 GETCHUNK photo.jpg 81960 4098
Sun May 10 22:38:33 UTC 2026,Client_1 GETCHUNK photo.jpg 94254 4098
Sun May 10 22:38:33 UTC 2026,Client_3 GETCHUNK photo.jpg 110646 4098
Sun May 10 22:38:33 UTC 2026,Client_2 GETCHUNK photo.jpg 86058 4098
Sun May 10 22:38:33 UTC 2026,Client_1 GETCHUNK photo.jpg 98352 4098
Sun May 10 22:38:33 UTC 2026,Client_3 GETCHUNK photo.jpg 114744 4098
Sun May 10 22:38:33 UTC 2026,Client_2 GETCHUNK photo.jpg 90156 4098
Sun May 10 22:38:33 UTC 2026,Client_1 GETCHUNK photo.jpg 102450 4098
Sun May 10 22:38:33 UTC 2026,Client_3 GETCHUNK photo.jpg 118842 4098
Sun May 10 22:38:33 UTC 2026,Client_2 GETCHUNK photo.jpg 94254 4098
Sun May 10 22:38:33 UTC 2026,Client_1 GETCHUNK photo.jpg 106548 4098
Sun May 10 22:38:33 UTC 2026,Client_3 GETCHUNK photo.jpg 122940 4098
Sun May 10 22:38:33 UTC 2026,Client_2 GETCHUNK photo.jpg 98352 4098
Sun May 10 22:38:33 UTC 2026,Client_1 GETCHUNK photo.jpg 110646 4098
Sun May 10 22:38:33 UTC 2026,Client_3 GETCHUNK photo.jpg 127038 4098
Sun May 10 22:38:33 UTC 2026,Client_2 GETCHUNK photo.jpg 102450 4098
Sun May 10 22:38:33 UTC 2026,Client_1 GETCHUNK photo.jpg 114744 4098
Sun May 10 22:38:33 UTC 2026,Client_3 GETCHUNK photo.jpg 131136 4098
Sun May 10 22:38:33 UTC 2026,Client_2 GETCHUNK photo.jpg 106548 4098
Sun May 10 22:38:33 UTC 2026,Client_1 GETCHUNK photo.jpg 118842 4098
Sun May 10 22:38:33 UTC 2026,Client_3 GETCHUNK photo.jpg 135234 4098
Sun May 10 22:38:33 UTC 2026,Client_2 GETCHUNK photo.jpg 110646 4098
Sun May 10 22:38:33 UTC 2026,Client_1 GETCHUNK photo.jpg 122940 4098
Sun May 10 22:38:33 UTC 2026,Client_3 EXISTFILE hello.txt
Sun May 10 22:38:33 UTC 2026,Client_2 GETCHUNK photo.jpg 114744 4098
Sun May 10 22:38:33 UTC 2026,Client_1 GETCHUNK photo.jpg 127038 4098
Sun May 10 22:38:33 UTC 2026,Client_3 GETSIZE hello.txt
Sun May 10 22:38:33 UTC 2026,Client_2 GETCHUNK photo.jpg 118842 4098
Sun May 10 22:38:33 UTC 2026,Client_1 GETCHUNK photo.jpg 131136 4098
Sun May 10 22:38:34 UTC 2026,Client_3 GETCHUNK hello.txt 0 4098
Sun May 10 22:38:34 UTC 2026,Client_2 GETCHUNK photo.jpg 122940 4098
Sun May 10 22:38:34 UTC 2026,Client_1 GETCHUNK photo.jpg 135234 4098
Sun May 10 22:38:34 UTC 2026,Client_3 EXISTFILE photo.jpg
Sun May 10 22:38:34 UTC 2026,Client_2 GETCHUNK photo.jpg 127038 4098
Sun May 10 22:38:34 UTC 2026,Client_1 EXISTFILE hello.txt
Sun May 10 22:38:34 UTC 2026,Client_3 GETSIZE photo.jpg
Sun May 10 22:38:34 UTC 2026,Client_2 GETCHUNK photo.jpg 131136 4098
Sun May 10 22:38:34 UTC 2026,Client_1 GETSIZE hello.txt
Sun May 10 22:38:34 UTC 2026,Client_3 GETCHUNK photo.jpg 0 4098
Sun May 10 22:38:34 UTC 2026,Client_2 GETCHUNK photo.jpg 135234 4098
Sun May 10 22:38:34 UTC 2026,Client_1 GETCHUNK hello.txt 0 4098
Sun May 10 22:38:34 UTC 2026,Client_3 GETCHUNK photo.jpg 4098 4098
Sun May 10 22:38:34 UTC 2026,Client_2 EXISTFILE hello.txt
Sun May 10 22:38:34 UTC 2026,Client_1 EXISTFILE photo.jpg
Sun May 10 22:38:34 UTC 2026,Client_3 GETCHUNK photo.jpg 8196 4098
Sun May 10 22:38:34 UTC 2026,Client_2 GETSIZE hello.txt
Sun May 10 22:38:34 UTC 2026,Client_1 GETSIZE photo.jpg
Sun May 10 22:38:34 UTC 2026,Client_3 GETCHUNK photo.jpg 12294 4098
Sun May 10 22:38:34 UTC 2026,Client_2 GETCHUNK hello.txt 0 4098
Sun May 10 22:38:34 UTC 2026,Client_1 GETCHUNK photo.jpg 0 4098
Sun May 10 22:38:34 UTC 2026,Client_3 GETCHUNK photo.jpg 16392 4098
Sun May 10 22:38:34 UTC 2026,Client_2 EXISTFILE photo.jpg
Sun May 10 22:38:34 UTC 2026,Client_1 GETCHUNK photo.jpg 4098 4098
Sun May 10 22:38:34 UTC 2026,Client_3 GETCHUNK photo.jpg 20490 4098
Sun May 10 22:38:34 UTC 2026,Client_2 GETSIZE photo.jpg
Sun May 10 22:38:34 UTC 2026,Client_1 GETCHUNK photo.jpg 8196 4098
Sun May 10 22:38:34 UTC 2026,Client_3 GETCHUNK photo.jpg 24588 4098
Sun May 10 22:38:34 UTC 2026,Client_2 GETCHUNK photo.jpg 0 4098
Sun May 10 22:38:34 UTC 2026,Client_1 GETCHUNK photo.jpg 12294 4098
Sun May 10 22:38:34 UTC 2026,Client_3 GETCHUNK photo.jpg 28686 4098
Sun May 10 22:38:34 UTC 2026,Client_2 GETCHUNK photo.jpg 4098 4098
Sun May 10 22:38:34 UTC 2026,Client_1 GETCHUNK photo.jpg 16392 4098
Sun May 10 22:38:34 UTC 2026,Client_3 GETCHUNK photo.jpg 32784 4098
Sun May 10 22:38:34 UTC 2026,Client_2 GETCHUNK photo.jpg 8196 4098
Sun May 10 22:38:34 UTC 2026,Client_1 GETCHUNK photo.jpg 20490 4098
Sun May 10 22:38:34 UTC 2026,Client_3 GETCHUNK photo.jpg 36882 4098
Sun May 10 22:38:34 UTC 2026,Client_2 GETCHUNK photo.jpg 12294 4098
Sun May 10 22:38:34 UTC 2026,Client_1 GETCHUNK photo.jpg 24588 4098
Sun May 10 22:38:34 UTC 2026,Client_3 GETCHUNK photo.jpg 40980 4098
Sun May 10 22:38:34 UTC 2026,Client_2 GETCHUNK photo.jpg 16392 4098
Sun May 10 22:38:34 UTC 2026,Client_1 GETCHUNK photo.jpg 28686 4098
Sun May 10 22:38:34 UTC 2026,Client_3 GETCHUNK photo.jpg 45078 4098
Sun May 10 22:38:34 UTC 2026,Client_2 GETCHUNK photo.jpg 20490 4098
Sun May 10 22:38:34 UTC 2026,Client_1 GETCHUNK photo.jpg 32784 4098
Sun May 10 22:38:34 UTC 2026,Client_3 GETCHUNK photo.jpg 49176 4098
Sun May 10 22:38:34 UTC 2026,Client_2 GETCHUNK photo.jpg 24588 4098
Sun May 10 22:38:34 UTC 2026,Client_1 GETCHUNK photo.jpg 36882 4098
Sun May 10 22:38:34 UTC 2026,Client_3 GETCHUNK photo.jpg 53274 4098
Sun May 10 22:38:34 UTC 2026,Client_2 GETCHUNK photo.jpg 28686 4098
Sun May 10 22:38:34 UTC 2026,Client_1 GETCHUNK photo.jpg 40980 4098
Sun May 10 22:38:34 UTC 2026,Client_3 GETCHUNK photo.jpg 57372 4098
Sun May 10 22:38:34 UTC 2026,Client_2 GETCHUNK photo.jpg 32784 4098
Sun May 10 22:38:34 UTC 2026,Client_1 GETCHUNK photo.jpg 45078 4098
Sun May 10 22:38:34 UTC 2026,Client_3 GETCHUNK photo.jpg 61470 4098
Sun May 10 22:38:34 UTC 2026,Client_2 GETCHUNK photo.jpg 36882 4098
Sun May 10 22:38:34 UTC 2026,Client_1 GETCHUNK photo.jpg 49176 4098
Sun May 10 22:38:34 UTC 2026,Client_3 GETCHUNK photo.jpg 65568 4098
Sun May 10 22:38:34 UTC 2026,Client_2 GETCHUNK photo.jpg 40980 4098
Sun May 10 22:38:34 UTC 2026,Client_1 GETCHUNK photo.jpg 53274 4098
Sun May 10 22:38:34 UTC 2026,Client_3 GETCHUNK photo.jpg 69666 4098
Sun May 10 22:38:34 UTC 2026,Client_2 GETCHUNK photo.jpg 45078 4098
Sun May 10 22:38:34 UTC 2026,Client_1 GETCHUNK photo.jpg 57372 4098
Sun May 10 22:38:34 UTC 2026,Client_3 GETCHUNK photo.jpg 73764 4098
Sun May 10 22:38:34 UTC 2026,Client_2 GETCHUNK photo.jpg 49176 4098
Sun May 10 22:38:34 UTC 2026,Client_1 GETCHUNK photo.jpg 61470 4098
Sun May 10 22:38:34 UTC 2026,Client_3 GETCHUNK photo.jpg 77862 4098
Sun May 10 22:38:34 UTC 2026,Client_2 GETCHUNK photo.jpg 53274 4098
Sun May 10 22:38:34 UTC 2026,Client_1 GETCHUNK photo.jpg 65568 4098
Sun May 10 22:38:34 UTC 2026,Client_3 GETCHUNK photo.jpg 81960 4098
Sun May 10 22:38:34 UTC 2026,Client_2 GETCHUNK photo.jpg 57372 4098
Sun May 10 22:38:34 UTC 2026,Client_1 GETCHUNK photo.jpg 69666 4098
Sun May 10 22:38:34 UTC 2026,Client_3 GETCHUNK photo.jpg 86058 4098
Sun May 10 22:38:34 UTC 2026,Client_2 GETCHUNK photo.jpg 61470 4098
Sun May 10 22:38:34 UTC 2026,Client_1 GETCHUNK photo.jpg 73764 4098
Sun May 10 22:38:34 UTC 2026,Client_3 GETCHUNK photo.jpg 90156 4098
Sun May 10 22:38:34 UTC 2026,Client_2 GETCHUNK photo.jpg 65568 4098
Sun May 10 22:38:34 UTC 2026,Client_1 GETCHUNK photo.jpg 77862 4098
Sun May 10 22:38:34 UTC 2026,Client_3 GETCHUNK photo.jpg 94254 4098
Sun May 10 22:38:34 UTC 2026,Client_2 GETCHUNK photo.jpg 69666 4098
Sun May 10 22:38:34 UTC 2026,Client_1 GETCHUNK photo.jpg 81960 4098
Sun May 10 22:38:34 UTC 2026,Client_3 GETCHUNK photo.jpg 98352 4098
Sun May 10 22:38:34 UTC 2026,Client_2 GETCHUNK photo.jpg 73764 4098
Sun May 10 22:38:34 UTC 2026,Client_1 GETCHUNK photo.jpg 86058 4098
Sun May 10 22:38:34 UTC 2026,Client_3 GETCHUNK photo.jpg 102450 4098
Sun May 10 22:38:34 UTC 2026,Client_2 GETCHUNK photo.jpg 77862 4098
Sun May 10 22:38:34 UTC 2026,Client_1 GETCHUNK photo.jpg 90156 4098
Sun May 10 22:38:34 UTC 2026,Client_3 GETCHUNK photo.jpg 106548 4098
Sun May 10 22:38:34 UTC 2026,Client_2 GETCHUNK photo.jpg 81960 4098
Sun May 10 22:38:34 UTC 2026,Client_1 GETCHUNK photo.jpg 94254 4098
Sun May 10 22:38:34 UTC 2026,Client_3 GETCHUNK photo.jpg 110646 4098
Sun May 10 22:38:34 UTC 2026,Client_2 GETCHUNK photo.jpg 86058 4098
Sun May 10 22:38:34 UTC 2026,Client_1 GETCHUNK photo.jpg 98352 4098
Sun May 10 22:38:34 UTC 2026,Client_3 GETCHUNK photo.jpg 114744 4098
Sun May 10 22:38:34 UTC 2026,Client_2 GETCHUNK photo.jpg 90156 4098
Sun May 10 22:38:34 UTC 2026,Client_1 GETCHUNK photo.jpg 102450 4098
Sun May 10 22:38:34 UTC 2026,Client_3 GETCHUNK photo.jpg 118842 4098
Sun May 10 22:38:34 UTC 2026,Client_2 GETCHUNK photo.jpg 94254 4098
Sun May 10 22:38:34 UTC 2026,Client_1 GETCHUNK photo.jpg 106548 4098
Sun May 10 22:38:34 UTC 2026,Client_3 GETCHUNK photo.jpg 122940 4098
Sun May 10 22:38:34 UTC 2026,Client_2 GETCHUNK photo.jpg 98352 4098
Sun May 10 22:38:34 UTC 2026,Client_1 GETCHUNK photo.jpg 110646 4098
Sun May 10 22:38:34 UTC 2026,Client_3 GETCHUNK photo.jpg 127038 4098
Sun May 10 22:38:34 UTC 2026,Client_2 GETCHUNK photo.jpg 102450 4098
Sun May 10 22:38:34 UTC 2026,Client_1 GETCHUNK photo.jpg 114744 4098
Sun May 10 22:38:34 UTC 2026,Client_3 GETCHUNK photo.jpg 131136 4098
Sun May 10 22:38:34 UTC 2026,Client_2 GETCHUNK photo.jpg 106548 4098
Sun May 10 22:38:34 UTC 2026,Client_1 GETCHUNK photo.jpg 118842 4098
Sun May 10 22:38:34 UTC 2026,Client_3 GETCHUNK photo.jpg 135234 4098
Sun May 10 22:38:34 UTC 2026,Client_2 GETCHUNK photo.jpg 110646 4098
Sun May 10 22:38:34 UTC 2026,Client_1 GETCHUNK photo.jpg 122940 4098
Sun May 10 22:38:34 UTC 2026,Client_2 GETCHUNK photo.jpg 114744 4098
Sun May 10 22:38:34 UTC 2026,Client_1 GETCHUNK photo.jpg 127038 4098
Sun May 10 22:38:34 UTC 2026,Client_2 GETCHUNK photo.jpg 118842 4098
Sun May 10 22:38:34 UTC 2026,Client_1 GETCHUNK photo.jpg 131136 4098
Sun May 10 22:38:34 UTC 2026,Client_2 GETCHUNK photo.jpg 122940 4098
Sun May 10 22:38:34 UTC 2026,Client_1 GETCHUNK photo.jpg 135234 4098
Sun May 10 22:38:34 UTC 2026,Client_2 GETCHUNK photo.jpg 127038 4098
Sun May 10 22:38:34 UTC 2026,Client_2 GETCHUNK photo.jpg 131136 4098
Sun May 10 22:38:34 UTC 2026,Client_2 GETCHUNK photo.jpg 135234 4098
Sun May 10 22:38:35 UTC 2026,Client_3 EXISTFILE photo2.jpg
Sun May 10 22:38:35 UTC 2026,Client_3 GETSIZE photo2.jpg
Sun May 10 22:38:35 UTC 2026,Client_3 GETCHUNK photo2.jpg 0 4098
Sun May 10 22:38:35 UTC 2026,Client_3 GETCHUNK photo2.jpg 4098 4098
Sun May 10 22:38:35 UTC 2026,Client_3 GETCHUNK photo2.jpg 8196 4098
Sun May 10 22:38:35 UTC 2026,Client_3 GETCHUNK photo2.jpg 12294 4098
Sun May 10 22:38:35 UTC 2026,Client_3 GETCHUNK photo2.jpg 16392 4098
Sun May 10 22:38:35 UTC 2026,Client_3 GETCHUNK photo2.jpg 20490 4098
Sun May 10 22:38:35 UTC 2026,Client_1 EXISTFILE photo2.jpg
Sun May 10 22:38:35 UTC 2026,Client_3 GETCHUNK photo2.jpg 24588 4098
Sun May 10 22:38:35 UTC 2026,Client_1 GETSIZE photo2.jpg
Sun May 10 22:38:35 UTC 2026,Client_3 GETCHUNK photo2.jpg 28686 4098
Sun May 10 22:38:35 UTC 2026,Client_1 GETCHUNK photo2.jpg 0 4098
Sun May 10 22:38:35 UTC 2026,Client_3 GETCHUNK photo2.jpg 32784 4098
Sun May 10 22:38:35 UTC 2026,Client_1 GETCHUNK photo2.jpg 4098 4098
Sun May 10 22:38:35 UTC 2026,Client_3 GETCHUNK photo2.jpg 36882 4098
Sun May 10 22:38:35 UTC 2026,Client_1 GETCHUNK photo2.jpg 8196 4098
Sun May 10 22:38:35 UTC 2026,Client_3 GETCHUNK photo2.jpg 40980 4098
Sun May 10 22:38:35 UTC 2026,Client_1 GETCHUNK photo2.jpg 12294 4098
Sun May 10 22:38:35 UTC 2026,Client_3 GETCHUNK photo2.jpg 45078 4098
Sun May 10 22:38:35 UTC 2026,Client_1 GETCHUNK photo2.jpg 16392 4098
Sun May 10 22:38:35 UTC 2026,Client_3 GETCHUNK photo2.jpg 49176 4098
Sun May 10 22:38:35 UTC 2026,Client_2 EXISTFILE photo2.jpg
Sun May 10 22:38:35 UTC 2026,Client_1 GETCHUNK photo2.jpg 20490 4098
Sun May 10 22:38:35 UTC 2026,Client_2 GETSIZE photo2.jpg
Sun May 10 22:38:35 UTC 2026,Client_1 GETCHUNK photo2.jpg 24588 4098
Sun May 10 22:38:35 UTC 2026,Client_2 GETCHUNK photo2.jpg 0 4098
Sun May 10 22:38:35 UTC 2026,Client_1 GETCHUNK photo2.jpg 28686 4098
Sun May 10 22:38:35 UTC 2026,Client_2 GETCHUNK photo2.jpg 4098 4098
Sun May 10 22:38:35 UTC 2026,Client_1 GETCHUNK photo2.jpg 32784 4098
Sun May 10 22:38:35 UTC 2026,Client_2 GETCHUNK photo2.jpg 8196 4098
Sun May 10 22:38:35 UTC 2026,Client_1 GETCHUNK photo2.jpg 36882 4098
Sun May 10 22:38:35 UTC 2026,Client_2 GETCHUNK photo2.jpg 12294 4098
Sun May 10 22:38:35 UTC 2026,Client_1 GETCHUNK photo2.jpg 40980 4098
Sun May 10 22:38:35 UTC 2026,Client_2 GETCHUNK photo2.jpg 16392 4098
Sun May 10 22:38:35 UTC 2026,Client_1 GETCHUNK photo2.jpg 45078 4098
Sun May 10 22:38:35 UTC 2026,Client_2 GETCHUNK photo2.jpg 20490 4098
Sun May 10 22:38:35 UTC 2026,Client_1 GETCHUNK photo2.jpg 49176 4098
Sun May 10 22:38:35 UTC 2026,Client_2 GETCHUNK photo2.jpg 24588 4098
Sun May 10 22:38:35 UTC 2026,Client_2 GETCHUNK photo2.jpg 28686 4098
Sun May 10 22:38:35 UTC 2026,Client_2 GETCHUNK photo2.jpg 32784 4098
Sun May 10 22:38:35 UTC 2026,Client_2 GETCHUNK photo2.jpg 36882 4098
Sun May 10 22:38:35 UTC 2026,Client_2 GETCHUNK photo2.jpg 40980 4098
Sun May 10 22:38:35 UTC 2026,Client_2 GETCHUNK photo2.jpg 45078 4098
Sun May 10 22:38:35 UTC 2026,Client_2 GETCHUNK photo2.jpg 49176 4098
Sun May 10 22:40:52 UTC 2026,Client_2 EXISTFILE page.html
Sun May 10 22:40:52 UTC 2026,Client_1 EXISTFILE page.html
Sun May 10 22:40:52 UTC 2026,Client_2 GETSIZE page.html
Sun May 10 22:40:52 UTC 2026,Client_1 GETSIZE page.html
Sun May 10 22:40:52 UTC 2026,Client_3 EXISTFILE page.html
Sun May 10 22:40:52 UTC 2026,Client_2 GETCHUNK page.html 0 4098
Sun May 10 22:40:52 UTC 2026,Client_3 GETSIZE page.html
Sun May 10 22:40:52 UTC 2026,Client_2 EXISTFILE photo.jpg
Sun May 10 22:40:52 UTC 2026,Client_2 GETSIZE photo.jpg
Sun May 10 22:40:52 UTC 2026,Client_2 GETCHUNK photo.jpg 0 4098
Sun May 10 22:40:52 UTC 2026,Client_2 GETCHUNK photo.jpg 4098 4098
Sun May 10 22:40:52 UTC 2026,Client_2 GETCHUNK photo.jpg 8196 4098
Sun May 10 22:40:52 UTC 2026,Client_2 GETCHUNK photo.jpg 12294 4098
Sun May 10 22:40:52 UTC 2026,Client_2 GETCHUNK photo.jpg 16392 4098
Sun May 10 22:40:52 UTC 2026,Client_2 GETCHUNK photo.jpg 20490 4098
Sun May 10 22:40:52 UTC 2026,Client_2 GETCHUNK photo.jpg 24588 4098
Sun May 10 22:40:52 UTC 2026,Client_2 GETCHUNK photo.jpg 28686 4098
Sun May 10 22:40:52 UTC 2026,Client_2 GETCHUNK photo.jpg 32784 4098
Sun May 10 22:40:52 UTC 2026,Client_2 GETCHUNK photo.jpg 36882 4098
Sun May 10 22:40:52 UTC 2026,Client_2 GETCHUNK photo.jpg 40980 4098
Sun May 10 22:40:52 UTC 2026,Client_2 GETCHUNK photo.jpg 45078 4098
Sun May 10 22:40:52 UTC 2026,Client_1 GETCHUNK page.html 0 4098
Sun May 10 22:40:52 UTC 2026,Client_2 GETCHUNK photo.jpg 49176 4098
Sun May 10 22:40:52 UTC 2026,Client_2 GETCHUNK photo.jpg 53274 4098
Sun May 10 22:40:52 UTC 2026,Client_1 EXISTFILE photo.jpg
Sun May 10 22:40:52 UTC 2026,Client_2 GETCHUNK photo.jpg 57372 4098
Sun May 10 22:40:52 UTC 2026,Client_1 GETSIZE photo.jpg
Sun May 10 22:40:52 UTC 2026,Client_2 GETCHUNK photo.jpg 61470 4098
Sun May 10 22:40:52 UTC 2026,Client_1 GETCHUNK photo.jpg 0 4098
Sun May 10 22:40:52 UTC 2026,Client_2 GETCHUNK photo.jpg 65568 4098
Sun May 10 22:40:52 UTC 2026,Client_1 GETCHUNK photo.jpg 4098 4098
Sun May 10 22:40:52 UTC 2026,Client_3 GETCHUNK page.html 0 4098
Sun May 10 22:40:52 UTC 2026,Client_2 GETCHUNK photo.jpg 69666 4098
Sun May 10 22:40:52 UTC 2026,Client_1 GETCHUNK photo.jpg 8196 4098
Sun May 10 22:40:53 UTC 2026,Client_3 EXISTFILE photo.jpg
Sun May 10 22:40:53 UTC 2026,Client_2 GETCHUNK photo.jpg 73764 4098
Sun May 10 22:40:53 UTC 2026,Client_1 GETCHUNK photo.jpg 12294 4098
Sun May 10 22:40:53 UTC 2026,Client_3 GETSIZE photo.jpg
Sun May 10 22:40:53 UTC 2026,Client_2 GETCHUNK photo.jpg 77862 4098
Sun May 10 22:40:53 UTC 2026,Client_1 GETCHUNK photo.jpg 16392 4098
Sun May 10 22:40:53 UTC 2026,Client_3 GETCHUNK photo.jpg 0 4098
Sun May 10 22:40:53 UTC 2026,Client_2 GETCHUNK photo.jpg 81960 4098
Sun May 10 22:40:53 UTC 2026,Client_1 GETCHUNK photo.jpg 20490 4098
Sun May 10 22:40:53 UTC 2026,Client_3 GETCHUNK photo.jpg 4098 4098
Sun May 10 22:40:53 UTC 2026,Client_2 GETCHUNK photo.jpg 86058 4098
Sun May 10 22:40:53 UTC 2026,Client_1 GETCHUNK photo.jpg 24588 4098
Sun May 10 22:40:53 UTC 2026,Client_3 GETCHUNK photo.jpg 8196 4098
Sun May 10 22:40:53 UTC 2026,Client_2 GETCHUNK photo.jpg 90156 4098
Sun May 10 22:40:53 UTC 2026,Client_1 GETCHUNK photo.jpg 28686 4098
Sun May 10 22:40:53 UTC 2026,Client_3 GETCHUNK photo.jpg 12294 4098
Sun May 10 22:40:53 UTC 2026,Client_2 GETCHUNK photo.jpg 94254 4098
Sun May 10 22:40:53 UTC 2026,Client_1 GETCHUNK photo.jpg 32784 4098
Sun May 10 22:40:53 UTC 2026,Client_3 GETCHUNK photo.jpg 16392 4098
Sun May 10 22:40:53 UTC 2026,Client_2 GETCHUNK photo.jpg 98352 4098
Sun May 10 22:40:53 UTC 2026,Client_1 GETCHUNK photo.jpg 36882 4098
Sun May 10 22:40:53 UTC 2026,Client_3 GETCHUNK photo.jpg 20490 4098
Sun May 10 22:40:53 UTC 2026,Client_2 GETCHUNK photo.jpg 102450 4098
Sun May 10 22:40:53 UTC 2026,Client_1 GETCHUNK photo.jpg 40980 4098
Sun May 10 22:40:53 UTC 2026,Client_3 GETCHUNK photo.jpg 24588 4098
Sun May 10 22:40:53 UTC 2026,Client_2 GETCHUNK photo.jpg 106548 4098
Sun May 10 22:40:53 UTC 2026,Client_1 GETCHUNK photo.jpg 45078 4098
Sun May 10 22:40:53 UTC 2026,Client_2 GETCHUNK photo.jpg 110646 4098
Sun May 10 22:40:53 UTC 2026,Client_3 GETCHUNK photo.jpg 28686 4098
Sun May 10 22:40:53 UTC 2026,Client_1 GETCHUNK photo.jpg 49176 4098
Sun May 10 22:40:53 UTC 2026,Client_2 GETCHUNK photo.jpg 114744 4098
Sun May 10 22:40:53 UTC 2026,Client_3 GETCHUNK photo.jpg 32784 4098
Sun May 10 22:40:53 UTC 2026,Client_1 GETCHUNK photo.jpg 53274 4098
Sun May 10 22:40:53 UTC 2026,Client_2 GETCHUNK photo.jpg 118842 4098
Sun May 10 22:40:53 UTC 2026,Client_3 GETCHUNK photo.jpg 36882 4098
Sun May 10 22:40:53 UTC 2026,Client_1 GETCHUNK photo.jpg 57372 4098
Sun May 10 22:40:53 UTC 2026,Client_2 GETCHUNK photo.jpg 122940 4098
Sun May 10 22:40:53 UTC 2026,Client_3 GETCHUNK photo.jpg 40980 4098
Sun May 10 22:40:53 UTC 2026,Client_1 GETCHUNK photo.jpg 61470 4098
Sun May 10 22:40:53 UTC 2026,Client_2 GETCHUNK photo.jpg 127038 4098
Sun May 10 22:40:53 UTC 2026,Client_3 GETCHUNK photo.jpg 45078 4098
Sun May 10 22:40:53 UTC 2026,Client_1 GETCHUNK photo.jpg 65568 4098
Sun May 10 22:40:53 UTC 2026,Client_2 GETCHUNK photo.jpg 131136 4098
Sun May 10 22:40:53 UTC 2026,Client_3 GETCHUNK photo.jpg 49176 4098
Sun May 10 22:40:53 UTC 2026,Client_1 GETCHUNK photo.jpg 69666 4098
Sun May 10 22:40:53 UTC 2026,Client_2 GETCHUNK photo.jpg 135234 4098
Sun May 10 22:40:53 UTC 2026,Client_3 GETCHUNK photo.jpg 53274 4098
Sun May 10 22:40:53 UTC 2026,Client_1 GETCHUNK photo.jpg 73764 4098
Sun May 10 22:40:53 UTC 2026,Client_2 EXISTFILE hello.txt
Sun May 10 22:40:53 UTC 2026,Client_3 GETCHUNK photo.jpg 57372 4098
Sun May 10 22:40:53 UTC 2026,Client_1 GETCHUNK photo.jpg 77862 4098
Sun May 10 22:40:53 UTC 2026,Client_2 GETSIZE hello.txt
Sun May 10 22:40:53 UTC 2026,Client_3 GETCHUNK photo.jpg 61470 4098
Sun May 10 22:40:53 UTC 2026,Client_1 GETCHUNK photo.jpg 81960 4098
Sun May 10 22:40:53 UTC 2026,Client_2 GETCHUNK hello.txt 0 4098
Sun May 10 22:40:53 UTC 2026,Client_3 GETCHUNK photo.jpg 65568 4098
Sun May 10 22:40:53 UTC 2026,Client_1 GETCHUNK photo.jpg 86058 4098
Sun May 10 22:40:53 UTC 2026,Client_2 EXISTFILE photo2.jpg
Sun May 10 22:40:53 UTC 2026,Client_3 GETCHUNK photo.jpg 69666 4098
Sun May 10 22:40:53 UTC 2026,Client_1 GETCHUNK photo.jpg 90156 4098
Sun May 10 22:40:53 UTC 2026,Client_2 GETSIZE photo2.jpg
Sun May 10 22:40:53 UTC 2026,Client_3 GETCHUNK photo.jpg 73764 4098
Sun May 10 22:40:53 UTC 2026,Client_1 GETCHUNK photo.jpg 94254 4098
Sun May 10 22:40:53 UTC 2026,Client_2 GETCHUNK photo2.jpg 0 4098
Sun May 10 22:40:53 UTC 2026,Client_3 GETCHUNK photo.jpg 77862 4098
Sun May 10 22:40:53 UTC 2026,Client_1 GETCHUNK photo.jpg 98352 4098
Sun May 10 22:40:53 UTC 2026,Client_2 GETCHUNK photo2.jpg 4098 4098
Sun May 10 22:40:53 UTC 2026,Client_3 GETCHUNK photo.jpg 81960 4098
Sun May 10 22:40:53 UTC 2026,Client_1 GETCHUNK photo.jpg 102450 4098
Sun May 10 22:40:53 UTC 2026,Client_2 GETCHUNK photo2.jpg 8196 4098
Sun May 10 22:40:53 UTC 2026,Client_3 GETCHUNK photo.jpg 86058 4098
Sun May 10 22:40:53 UTC 2026,Client_1 GETCHUNK photo.jpg 106548 4098
Sun May 10 22:40:53 UTC 2026,Client_2 GETCHUNK photo2.jpg 12294 4098
Sun May 10 22:40:53 UTC 2026,Client_3 GETCHUNK photo.jpg 90156 4098
Sun May 10 22:40:53 UTC 2026,Client_1 GETCHUNK photo.jpg 110646 4098
Sun May 10 22:40:53 UTC 2026,Client_2 GETCHUNK photo2.jpg 16392 4098
Sun May 10 22:40:53 UTC 2026,Client_3 GETCHUNK photo.jpg 94254 4098
Sun May 10 22:40:53 UTC 2026,Client_1 GETCHUNK photo.jpg 114744 4098
Sun May 10 22:40:53 UTC 2026,Client_2 GETCHUNK photo2.jpg 20490 4098
Sun May 10 22:40:53 UTC 2026,Client_3 GETCHUNK photo.jpg 98352 4098
Sun May 10 22:40:53 UTC 2026,Client_1 GETCHUNK photo.jpg 118842 4098
Sun May 10 22:40:53 UTC 2026,Client_2 GETCHUNK photo2.jpg 24588 4098
Sun May 10 22:40:53 UTC 2026,Client_3 GETCHUNK photo.jpg 102450 4098
Sun May 10 22:40:53 UTC 2026,Client_1 GETCHUNK photo.jpg 122940 4098
Sun May 10 22:40:53 UTC 2026,Client_2 GETCHUNK photo2.jpg 28686 4098
Sun May 10 22:40:53 UTC 2026,Client_3 GETCHUNK photo.jpg 106548 4098
Sun May 10 22:40:53 UTC 2026,Client_1 GETCHUNK photo.jpg 127038 4098
Sun May 10 22:40:53 UTC 2026,Client_2 GETCHUNK photo2.jpg 32784 4098
Sun May 10 22:40:53 UTC 2026,Client_3 GETCHUNK photo.jpg 110646 4098
Sun May 10 22:40:53 UTC 2026,Client_1 GETCHUNK photo.jpg 131136 4098
Sun May 10 22:40:53 UTC 2026,Client_2 GETCHUNK photo2.jpg 36882 4098
Sun May 10 22:40:53 UTC 2026,Client_3 GETCHUNK photo.jpg 114744 4098
Sun May 10 22:40:53 UTC 2026,Client_1 GETCHUNK photo.jpg 135234 4098
Sun May 10 22:40:53 UTC 2026,Client_2 GETCHUNK photo2.jpg 40980 4098
Sun May 10 22:40:53 UTC 2026,Client_3 GETCHUNK photo.jpg 118842 4098
Sun May 10 22:40:53 UTC 2026,Client_1 EXISTFILE hello.txt
Sun May 10 22:40:53 UTC 2026,Client_2 GETCHUNK photo2.jpg 45078 4098
Sun May 10 22:40:53 UTC 2026,Client_3 GETCHUNK photo.jpg 122940 4098
Sun May 10 22:40:53 UTC 2026,Client_1 GETSIZE hello.txt
Sun May 10 22:40:53 UTC 2026,Client_2 GETCHUNK photo2.jpg 49176 4098
Sun May 10 22:40:53 UTC 2026,Client_3 GETCHUNK photo.jpg 127038 4098
Sun May 10 22:40:53 UTC 2026,Client_1 GETCHUNK hello.txt 0 4098
Sun May 10 22:40:53 UTC 2026,Client_3 GETCHUNK photo.jpg 131136 4098
Sun May 10 22:40:53 UTC 2026,Client_1 EXISTFILE photo2.jpg
Sun May 10 22:40:53 UTC 2026,Client_3 GETCHUNK photo.jpg 135234 4098
Sun May 10 22:40:53 UTC 2026,Client_1 GETSIZE photo2.jpg
Sun May 10 22:40:53 UTC 2026,Client_3 EXISTFILE hello.txt
Sun May 10 22:40:53 UTC 2026,Client_1 GETCHUNK photo2.jpg 0 4098
Sun May 10 22:40:53 UTC 2026,Client_3 GETSIZE hello.txt
Sun May 10 22:40:53 UTC 2026,Client_1 GETCHUNK photo2.jpg 4098 4098
Sun May 10 22:40:53 UTC 2026,Client_3 GETCHUNK hello.txt 0 4098
Sun May 10 22:40:53 UTC 2026,Client_1 GETCHUNK photo2.jpg 8196 4098
Sun May 10 22:40:53 UTC 2026,Client_3 EXISTFILE photo2.jpg
Sun May 10 22:40:53 UTC 2026,Client_1 GETCHUNK photo2.jpg 12294 4098
Sun May 10 22:40:53 UTC 2026,Client_3 GETSIZE photo2.jpg
Sun May 10 22:40:53 UTC 2026,Client_1 GETCHUNK photo2.jpg 16392 4098
Sun May 10 22:40:53 UTC 2026,Client_3 GETCHUNK photo2.jpg 0 4098
Sun May 10 22:40:53 UTC 2026,Client_1 GETCHUNK photo2.jpg 20490 4098
Sun May 10 22:40:53 UTC 2026,Client_3 GETCHUNK photo2.jpg 4098 4098
Sun May 10 22:40:53 UTC 2026,Client_1 GETCHUNK photo2.jpg 24588 4098
Sun May 10 22:40:53 UTC 2026,Client_3 GETCHUNK photo2.jpg 8196 4098
Sun May 10 22:40:53 UTC 2026,Client_1 GETCHUNK photo2.jpg 28686 4098
Sun May 10 22:40:53 UTC 2026,Client_3 GETCHUNK photo2.jpg 12294 4098
Sun May 10 22:40:53 UTC 2026,Client_1 GETCHUNK photo2.jpg 32784 4098
Sun May 10 22:40:53 UTC 2026,Client_3 GETCHUNK photo2.jpg 16392 4098
Sun May 10 22:40:53 UTC 2026,Client_1 GETCHUNK photo2.jpg 36882 4098
Sun May 10 22:40:54 UTC 2026,Client_3 GETCHUNK photo2.jpg 20490 4098
Sun May 10 22:40:54 UTC 2026,Client_1 GETCHUNK photo2.jpg 40980 4098
Sun May 10 22:40:54 UTC 2026,Client_3 GETCHUNK photo2.jpg 24588 4098
Sun May 10 22:40:54 UTC 2026,Client_1 GETCHUNK photo2.jpg 45078 4098
Sun May 10 22:40:54 UTC 2026,Client_3 GETCHUNK photo2.jpg 28686 4098
Sun May 10 22:40:54 UTC 2026,Client_1 GETCHUNK photo2.jpg 49176 4098
Sun May 10 22:40:54 UTC 2026,Client_3 GETCHUNK photo2.jpg 32784 4098
Sun May 10 22:40:54 UTC 2026,Client_3 GETCHUNK photo2.jpg 36882 4098
Sun May 10 22:40:54 UTC 2026,Client_3 GETCHUNK photo2.jpg 40980 4098
Sun May 10 22:40:54 UTC 2026,Client_3 GETCHUNK photo2.jpg 45078 4098
Sun May 10 22:40:54 UTC 2026,Client_3 GETCHUNK photo2.jpg 49176 4098
Sun May 10 23:12:59 UTC 2026,Client_1 GETCHUNK photo.jpg 0 4096
Sun May 10 23:12:59 UTC 2026,Client_1 GETCHUNK page.html 0 4096
Sun May 10 23:12:59 UTC 2026,Client_1 GETCHUNK photo.jpg 12288 4096
Sun May 10 23:12:59 UTC 2026,Client_1 GETCHUNK photo.jpg 24576 4096
Sun May 10 23:12:59 UTC 2026,Client_1 GETCHUNK photo.jpg 36864 4096
Sun May 10 23:12:59 UTC 2026,Client_1 GETCHUNK photo.jpg 49152 4096
Sun May 10 23:12:59 UTC 2026,Client_1 GETCHUNK photo.jpg 61440 4096
Sun May 10 23:12:59 UTC 2026,Client_1 GETCHUNK photo.jpg 73728 4096
Sun May 10 23:12:59 UTC 2026,Client_1 GETCHUNK photo.jpg 86016 4096
Sun May 10 23:12:59 UTC 2026,Client_1 GETCHUNK photo.jpg 98304 4096
Sun May 10 23:12:59 UTC 2026,Client_1 GETCHUNK photo.jpg 110592 4096
Sun May 10 23:12:59 UTC 2026,Client_1 GETCHUNK photo.jpg 122880 4096
Sun May 10 23:12:59 UTC 2026,Client_1 GETCHUNK photo.jpg 135168 4096
Sun May 10 23:12:59 UTC 2026,Client_1 GETCHUNK hello.txt 0 4096
Sun May 10 23:12:59 UTC 2026,Client_1 GETCHUNK photo2.jpg 0 4096
Sun May 10 23:12:59 UTC 2026,Client_1 GETCHUNK photo2.jpg 12288 4096
Sun May 10 23:12:59 UTC 2026,Client_1 GETCHUNK photo2.jpg 24576 4096
Sun May 10 23:12:59 UTC 2026,Client_1 GETCHUNK photo2.jpg 36864 4096
Sun May 10 23:12:59 UTC 2026,Client_1 GETCHUNK photo2.jpg 49152 4096
